09:33:53 **** Auto Build of configuration Debug for project BRAM ****
make pre-build main-build 
a9-linaro-pre-build-step
' '
'Building file: ../src/helloworld.c'
'Invoking: ARM v7 gcc compiler'
arm-none-eabi-gcc -Wall -O0 -g3 -c -fmessage-length=0 -MT"src/helloworld.o" -mcpu=cortex-a9 -mfpu=vfpv3 -mfloat-abi=hard -I../../BRAM_bsp/ps7_cortexa9_0/include -MMD -MP -MF"src/helloworld.d" -MT"src/helloworld.o" -o "src/helloworld.o" "../src/helloworld.c"
../src/helloworld.c: In function 'main':
../src/helloworld.c:101:4: warning: implicit declaration of function 'sleep' [-Wimplicit-function-declaration]
    sleep(2);
    ^
../src/helloworld.c:67:10: warning: unused variable 'pi_mem' [-Wunused-variable]
     u32 *pi_mem = (u32 *)arr;
          ^
'Finished building: ../src/helloworld.c'
' '
'Building target: BRAM.elf'
'Invoking: ARM v7 gcc linker'
arm-none-eabi-gcc -mcpu=cortex-a9 -mfpu=vfpv3 -mfloat-abi=hard -Wl,-build-id=none -specs=Xilinx.spec -Wl,-T -Wl,../src/lscript.ld -L../../BRAM_bsp/ps7_cortexa9_0/lib -o "BRAM.elf"  ./src/helloworld.o ./src/platform.o   -Wl,--start-group,-lxil,-lgcc,-lc,--end-group
'Finished building target: BRAM.elf'
' '
'Invoking: ARM v7 Print Size'
arm-none-eabi-size BRAM.elf  |tee "BRAM.elf.size"
   text	   data	    bss	    dec	    hex	filename
  28252	   2004	  22584	  52840	   ce68	BRAM.elf
'Finished building: BRAM.elf.size'
' '

09:33:57 Build Finished (took 3s.370ms)

