21:19:55 **** Build of configuration Debug for project BRAM_bsp_xbram_example_1 ****
make pre-build main-build 
a9-linaro-pre-build-step
' '
'Building file: ../src/xbram_example.c'
'Invoking: ARM v7 gcc compiler'
arm-none-eabi-gcc -Wall -O0 -g3 -c -fmessage-length=0 -MT"src/xbram_example.o" -mcpu=cortex-a9 -mfpu=vfpv3 -mfloat-abi=hard -I../../BRAM_bsp/ps7_cortexa9_0/include -MMD -MP -MF"src/xbram_example.d" -MT"src/xbram_example.o" -o "src/xbram_example.o" "../src/xbram_example.c"
'Finished building: ../src/xbram_example.c'
' '
'Building target: BRAM_bsp_xbram_example_1.elf'
'Invoking: ARM v7 gcc linker'
arm-none-eabi-gcc -mcpu=cortex-a9 -mfpu=vfpv3 -mfloat-abi=hard -Wl,-build-id=none -specs=Xilinx.spec -Wl,-T -Wl,../src/lscript.ld -L../../BRAM_bsp/ps7_cortexa9_0/lib -o "BRAM_bsp_xbram_example_1.elf"  ./src/xbram_example.o   -Wl,--start-group,-lxil,-lgcc,-lc,--end-group -Wl,--start-group,-lxilffs,-lxil,-lgcc,-lc,--end-group
'Finished building target: BRAM_bsp_xbram_example_1.elf'
' '
'Invoking: ARM v7 Print Size'
arm-none-eabi-size BRAM_bsp_xbram_example_1.elf  |tee "BRAM_bsp_xbram_example_1.elf.size"
   text	   data	    bss	    dec	    hex	filename
  28176	   1220	  22664	  52060	   cb5c	BRAM_bsp_xbram_example_1.elf
'Finished building: BRAM_bsp_xbram_example_1.elf.size'
' '

21:19:56 Build Finished (took 666ms)

